c:\st\stm32cubeide_1.11.0\stm32cubeide\plugins\com.st.stm32cube.ide.mcu.externaltools.gnu-tools-for-stm32.10.3-2021.10.win32_1.0.100.202210260954\tools\bin\../lib/gcc/arm-none-eabi/10.3.1/../../../../arm-none-eabi/include/c++/10.3.1/arm-none-eabi/thumb/v7e-m+fp/hard/bits/gthr-default.h:229:1:int __gthread_key_delete(__gthread_key_t)	16	static
../Core/Src/main.cpp:73:6:void delay_us(uint32_t)	16	static
../Core/Src/main.cpp:85:5:int main()	120	static
../Core/Src/main.cpp:167:6:void SystemClock_Config()	88	static
../Core/Src/main.cpp:209:13:void MX_I2C1_Init()	8	static
../Core/Src/main.cpp:243:13:void MX_TIM1_Init()	32	static
../Core/Src/main.cpp:289:13:void MX_USART2_UART_Init()	8	static
../Core/Src/main.cpp:322:13:void MX_GPIO_Init()	40	static
../Core/Src/main.cpp:343:6:void HAL_UART_RxCpltCallback(UART_HandleTypeDef*)	40	static
../Core/Src/main.cpp:362:6:void Error_Handler()	4	static,ignoring_inline_asm
../Core/Src/main.cpp:371:1:void __static_initialization_and_destruction_0(int, int)	16	static
../Core/Src/main.cpp:371:1:cpp)	8	static
../Core/Src/main.cpp:371:1:cpp)	8	static
